mode: set
github.com/gomantics/imx/internal/meta/xmp/flatten.go:12.83,19.35 2 1
github.com/gomantics/imx/internal/meta/xmp/flatten.go:19.35,21.19 2 1
github.com/gomantics/imx/internal/meta/xmp/flatten.go:21.19,24.20 2 1
github.com/gomantics/imx/internal/meta/xmp/flatten.go:24.20,26.5 1 1
github.com/gomantics/imx/internal/meta/xmp/flatten.go:29.3,34.23 4 1
github.com/gomantics/imx/internal/meta/xmp/flatten.go:34.23,36.4 1 1
github.com/gomantics/imx/internal/meta/xmp/flatten.go:36.9,38.29 2 1
github.com/gomantics/imx/internal/meta/xmp/flatten.go:38.29,41.5 2 1
github.com/gomantics/imx/internal/meta/xmp/flatten.go:42.4,43.22 2 1
github.com/gomantics/imx/internal/meta/xmp/flatten.go:46.3,52.4 1 1
github.com/gomantics/imx/internal/meta/xmp/flatten.go:54.2,54.12 1 1
github.com/gomantics/imx/internal/meta/xmp/flatten.go:57.48,58.16 1 1
github.com/gomantics/imx/internal/meta/xmp/flatten.go:59.18,60.29 1 1
github.com/gomantics/imx/internal/meta/xmp/flatten.go:61.17,63.32 2 1
github.com/gomantics/imx/internal/meta/xmp/flatten.go:63.32,66.4 2 1
github.com/gomantics/imx/internal/meta/xmp/flatten.go:67.3,67.23 1 1
github.com/gomantics/imx/internal/meta/xmp/flatten.go:68.18,70.30 2 1
github.com/gomantics/imx/internal/meta/xmp/flatten.go:70.30,75.4 3 1
github.com/gomantics/imx/internal/meta/xmp/flatten.go:76.3,76.21 1 1
github.com/gomantics/imx/internal/meta/xmp/flatten.go:78.2,78.23 1 1
github.com/gomantics/imx/internal/meta/xmp/parser.go:15.84,25.6 6 1
github.com/gomantics/imx/internal/meta/xmp/parser.go:25.6,27.20 2 1
github.com/gomantics/imx/internal/meta/xmp/parser.go:27.20,28.9 1 1
github.com/gomantics/imx/internal/meta/xmp/parser.go:30.3,30.17 1 1
github.com/gomantics/imx/internal/meta/xmp/parser.go:30.17,32.4 1 1
github.com/gomantics/imx/internal/meta/xmp/parser.go:34.3,34.28 1 1
github.com/gomantics/imx/internal/meta/xmp/parser.go:35.25,49.26 8 1
github.com/gomantics/imx/internal/meta/xmp/parser.go:50.18,51.41 1 1
github.com/gomantics/imx/internal/meta/xmp/parser.go:51.41,53.6 1 1
github.com/gomantics/imx/internal/meta/xmp/parser.go:53.11,55.6 1 1
github.com/gomantics/imx/internal/meta/xmp/parser.go:57.17,58.49 1 1
github.com/gomantics/imx/internal/meta/xmp/parser.go:58.49,62.6 2 1
github.com/gomantics/imx/internal/meta/xmp/parser.go:62.11,64.6 1 1
github.com/gomantics/imx/internal/meta/xmp/parser.go:66.25,67.23 1 1
github.com/gomantics/imx/internal/meta/xmp/parser.go:67.23,79.25 5 1
github.com/gomantics/imx/internal/meta/xmp/parser.go:79.25,82.7 2 1
github.com/gomantics/imx/internal/meta/xmp/parser.go:83.11,85.6 1 1
github.com/gomantics/imx/internal/meta/xmp/parser.go:87.22,88.79 1 1
github.com/gomantics/imx/internal/meta/xmp/parser.go:88.79,91.6 2 1
github.com/gomantics/imx/internal/meta/xmp/parser.go:91.11,91.56 1 1
github.com/gomantics/imx/internal/meta/xmp/parser.go:91.56,97.6 4 1
github.com/gomantics/imx/internal/meta/xmp/parser.go:97.11,108.25 6 1
github.com/gomantics/imx/internal/meta/xmp/parser.go:108.25,111.7 2 1
github.com/gomantics/imx/internal/meta/xmp/parser.go:114.19,115.40 1 1
github.com/gomantics/imx/internal/meta/xmp/parser.go:115.40,118.25 3 1
github.com/gomantics/imx/internal/meta/xmp/parser.go:118.25,121.7 2 1
github.com/gomantics/imx/internal/meta/xmp/parser.go:122.11,124.6 1 1
github.com/gomantics/imx/internal/meta/xmp/parser.go:126.16,127.79 1 1
github.com/gomantics/imx/internal/meta/xmp/parser.go:127.79,129.6 1 1
github.com/gomantics/imx/internal/meta/xmp/parser.go:129.11,129.56 1 1
github.com/gomantics/imx/internal/meta/xmp/parser.go:129.56,134.6 4 1
github.com/gomantics/imx/internal/meta/xmp/parser.go:134.11,145.25 6 1
github.com/gomantics/imx/internal/meta/xmp/parser.go:145.25,148.7 2 1
github.com/gomantics/imx/internal/meta/xmp/parser.go:151.26,152.79 1 1
github.com/gomantics/imx/internal/meta/xmp/parser.go:152.79,155.6 2 1
github.com/gomantics/imx/internal/meta/xmp/parser.go:155.11,155.56 1 1
github.com/gomantics/imx/internal/meta/xmp/parser.go:155.56,160.6 4 1
github.com/gomantics/imx/internal/meta/xmp/parser.go:160.11,171.25 6 1
github.com/gomantics/imx/internal/meta/xmp/parser.go:171.25,174.7 2 1
github.com/gomantics/imx/internal/meta/xmp/parser.go:178.4,178.39 1 1
github.com/gomantics/imx/internal/meta/xmp/parser.go:180.23,184.24 3 1
github.com/gomantics/imx/internal/meta/xmp/parser.go:185.22,188.45 3 1
github.com/gomantics/imx/internal/meta/xmp/parser.go:190.26,191.32 1 1
github.com/gomantics/imx/internal/meta/xmp/parser.go:191.32,199.106 3 1
github.com/gomantics/imx/internal/meta/xmp/parser.go:199.106,201.7 1 1
github.com/gomantics/imx/internal/meta/xmp/parser.go:202.11,203.106 1 1
github.com/gomantics/imx/internal/meta/xmp/parser.go:203.106,205.7 1 1
github.com/gomantics/imx/internal/meta/xmp/parser.go:208.19,210.39 1 1
github.com/gomantics/imx/internal/meta/xmp/parser.go:210.39,212.6 1 1
github.com/gomantics/imx/internal/meta/xmp/parser.go:214.16,216.36 2 1
github.com/gomantics/imx/internal/meta/xmp/parser.go:216.36,218.6 1 1
github.com/gomantics/imx/internal/meta/xmp/parser.go:221.4,222.38 2 1
github.com/gomantics/imx/internal/meta/xmp/parser.go:224.21,226.21 2 1
github.com/gomantics/imx/internal/meta/xmp/parser.go:230.2,230.12 1 1
github.com/gomantics/imx/internal/meta/xmp/parser.go:233.53,235.53 1 1
github.com/gomantics/imx/internal/meta/xmp/parser.go:235.53,237.3 1 1
github.com/gomantics/imx/internal/meta/xmp/parser.go:238.2,238.55 1 1
github.com/gomantics/imx/internal/meta/xmp/parser.go:238.55,240.3 1 1
github.com/gomantics/imx/internal/meta/xmp/parser.go:245.2,246.53 2 1
github.com/gomantics/imx/internal/meta/xmp/parser.go:249.106,251.29 1 1
github.com/gomantics/imx/internal/meta/xmp/parser.go:251.29,252.28 1 1
github.com/gomantics/imx/internal/meta/xmp/parser.go:252.28,258.4 5 1
github.com/gomantics/imx/internal/meta/xmp/parser.go:262.100,264.29 2 1
github.com/gomantics/imx/internal/meta/xmp/parser.go:264.29,265.28 1 1
github.com/gomantics/imx/internal/meta/xmp/parser.go:265.28,275.4 4 1
github.com/gomantics/imx/internal/meta/xmp/parser.go:277.2,277.15 1 1
github.com/gomantics/imx/internal/meta/xmp/utils.go:28.65,35.19 2 1
github.com/gomantics/imx/internal/meta/xmp/utils.go:35.19,36.40 1 1
github.com/gomantics/imx/internal/meta/xmp/utils.go:36.40,38.4 1 1
github.com/gomantics/imx/internal/meta/xmp/utils.go:39.3,39.40 1 1
github.com/gomantics/imx/internal/meta/xmp/utils.go:39.40,41.4 1 1
github.com/gomantics/imx/internal/meta/xmp/utils.go:44.2,44.29 1 1
github.com/gomantics/imx/internal/meta/xmp/utils.go:44.29,45.33 1 1
github.com/gomantics/imx/internal/meta/xmp/utils.go:45.33,51.4 4 1
github.com/gomantics/imx/internal/meta/xmp/utils.go:51.9,51.65 1 1
github.com/gomantics/imx/internal/meta/xmp/utils.go:51.65,54.4 1 1
github.com/gomantics/imx/internal/meta/xmp/utils.go:56.2,56.17 1 1
github.com/gomantics/imx/internal/meta/xmp/utils.go:59.52,60.38 1 1
github.com/gomantics/imx/internal/meta/xmp/utils.go:60.38,62.3 1 1
github.com/gomantics/imx/internal/meta/xmp/utils.go:63.2,63.41 1 1
github.com/gomantics/imx/internal/meta/xmp/utils.go:63.41,65.3 1 1
github.com/gomantics/imx/internal/meta/xmp/utils.go:66.2,66.13 1 1
github.com/gomantics/imx/internal/meta/xmp/utils.go:69.37,70.74 1 1
github.com/gomantics/imx/internal/meta/xmp/utils.go:70.74,72.3 1 1
github.com/gomantics/imx/internal/meta/xmp/utils.go:73.2,73.25 1 1
github.com/gomantics/imx/internal/meta/xmp/utils.go:73.25,75.3 1 1
github.com/gomantics/imx/internal/meta/xmp/utils.go:76.2,76.109 1 1
github.com/gomantics/imx/internal/meta/xmp/utils.go:76.109,78.3 1 1
github.com/gomantics/imx/internal/meta/xmp/utils.go:79.2,79.25 1 1
github.com/gomantics/imx/internal/meta/xmp/utils.go:82.39,83.64 1 1
github.com/gomantics/imx/internal/meta/xmp/utils.go:83.64,84.59 1 1
github.com/gomantics/imx/internal/meta/xmp/utils.go:84.59,86.4 1 1
github.com/gomantics/imx/internal/meta/xmp/utils.go:88.2,88.62 1 1
github.com/gomantics/imx/internal/meta/xmp/utils.go:88.62,90.3 1 1
github.com/gomantics/imx/internal/meta/xmp/utils.go:91.2,91.30 1 1
github.com/gomantics/imx/internal/meta/xmp/utils.go:94.40,96.21 2 1
github.com/gomantics/imx/internal/meta/xmp/utils.go:96.21,98.3 1 1
github.com/gomantics/imx/internal/meta/xmp/utils.go:99.2,99.22 1 1
github.com/gomantics/imx/internal/meta/xmp/utils.go:99.22,101.3 1 1
github.com/gomantics/imx/internal/meta/xmp/utils.go:102.2,102.14 1 1
github.com/gomantics/imx/internal/meta/xmp/utils.go:102.14,103.44 1 1
github.com/gomantics/imx/internal/meta/xmp/utils.go:103.44,105.4 1 1
github.com/gomantics/imx/internal/meta/xmp/utils.go:107.2,107.16 1 1
github.com/gomantics/imx/internal/meta/xmp/utils.go:107.16,108.54 1 1
github.com/gomantics/imx/internal/meta/xmp/utils.go:108.54,110.4 1 1
github.com/gomantics/imx/internal/meta/xmp/utils.go:112.2,112.20 1 1
github.com/gomantics/imx/internal/meta/xmp/utils.go:115.27,116.13 1 1
github.com/gomantics/imx/internal/meta/xmp/utils.go:116.13,118.3 1 1
github.com/gomantics/imx/internal/meta/xmp/utils.go:119.2,119.22 1 1
github.com/gomantics/imx/internal/meta/xmp/utils.go:119.22,120.39 1 1
github.com/gomantics/imx/internal/meta/xmp/utils.go:120.39,121.12 1 1
github.com/gomantics/imx/internal/meta/xmp/utils.go:123.3,123.25 1 1
github.com/gomantics/imx/internal/meta/xmp/utils.go:123.25,125.4 1 1
github.com/gomantics/imx/internal/meta/xmp/utils.go:127.2,127.13 1 1
github.com/gomantics/imx/internal/meta/xmp/utils.go:130.29,131.13 1 1
github.com/gomantics/imx/internal/meta/xmp/utils.go:131.13,133.3 1 1
github.com/gomantics/imx/internal/meta/xmp/utils.go:134.2,135.22 2 1
github.com/gomantics/imx/internal/meta/xmp/utils.go:135.22,136.39 1 1
github.com/gomantics/imx/internal/meta/xmp/utils.go:136.39,137.12 1 1
github.com/gomantics/imx/internal/meta/xmp/utils.go:139.3,139.15 1 1
github.com/gomantics/imx/internal/meta/xmp/utils.go:139.15,140.14 1 1
github.com/gomantics/imx/internal/meta/xmp/utils.go:140.14,142.5 1 1
github.com/gomantics/imx/internal/meta/xmp/utils.go:143.4,144.12 2 1
github.com/gomantics/imx/internal/meta/xmp/utils.go:146.3,146.25 1 1
github.com/gomantics/imx/internal/meta/xmp/utils.go:146.25,148.4 1 1
github.com/gomantics/imx/internal/meta/xmp/utils.go:150.2,150.15 1 1
github.com/gomantics/imx/internal/meta/xmp/xmp.go:12.20,14.2 1 1
github.com/gomantics/imx/internal/meta/xmp/xmp.go:17.35,19.2 1 1
github.com/gomantics/imx/internal/meta/xmp/xmp.go:22.76,31.31 5 1
github.com/gomantics/imx/internal/meta/xmp/xmp.go:31.31,32.44 1 1
github.com/gomantics/imx/internal/meta/xmp/xmp.go:32.44,33.12 1 1
github.com/gomantics/imx/internal/meta/xmp/xmp.go:36.3,37.24 2 1
github.com/gomantics/imx/internal/meta/xmp/xmp.go:37.24,38.12 1 1
github.com/gomantics/imx/internal/meta/xmp/xmp.go:41.3,41.67 1 1
github.com/gomantics/imx/internal/meta/xmp/xmp.go:41.67,43.12 2 1
github.com/gomantics/imx/internal/meta/xmp/xmp.go:45.3,45.18 1 1
github.com/gomantics/imx/internal/meta/xmp/xmp.go:48.2,48.33 1 1
github.com/gomantics/imx/internal/meta/xmp/xmp.go:48.33,51.3 1 1
github.com/gomantics/imx/internal/meta/xmp/xmp.go:53.2,53.23 1 1
github.com/gomantics/imx/internal/meta/xmp/xmp.go:53.23,55.3 1 1
github.com/gomantics/imx/internal/meta/xmp/xmp.go:57.2,58.35 2 1
